// Jest Snapshot v1, https://goo.gl/fbAQLP

exports[`Renders nothing is provided 1`] = `
<div
  class="app"
>
  <header
    class="app-header"
  >
    <div
      class="app-header-content"
    >
      <a
        href="/"
      >
        <div
          id="app-info"
        >
          <img
            alt="App Logo"
            id="app-logo"
            src="logo.svg"
          />
          <div
            class="app-title"
          >
            Weathered Strip
          </div>
        </div>
      </a>
      <form
        class="searchbox"
      >
        <input
          class="searchbox-input"
          placeholder="CYMX CYUL..."
          type="text"
          value=""
        />
        <button
          class="searchbox-button"
          type="submit"
        >
          Get Info
        </button>
      </form>
    </div>
  </header>
  <div
    class="content"
  >
    <div
      class="user-content fullborder"
    >
      <h1>
        Welcome to Weathered Strip
      </h1>
      <p>
        Weathered Strip was created to help gather all required flight planning documentation in one place. It provides NOTAMs, METARs/TAFs and live RVR for each requested airport. More will be included later.
      </p>
      <h2>
        How to...
      </h2>
      <h3>
        First use
      </h3>
      <p>
        To use Weathered Strip, please enter the ICAO airport codes of each airport you'd like to assess in the seachbox located in the header.
      </p>
      <p>
        Note: for multiple ICAO airport codes, separate them by either spaces or commas.
      </p>
      <h3>
        Report an issue
      </h3>
      <p>
        Weathered Strip is not perfect and its developer is always looking to improve its feel and squash nasty bugs which create unexpected behaviours.
      </p>
      <p>
        Please use the "Report an Issue" link located in the footer to request a new feature, make a suggestion, report a bug, etc.
      </p>
      <h3>
        Contribute
      </h3>
      <p>
        Want to contribute to Weathered Strip? Please do! Fork me on 
        <a
          href="https://github.com/GregoryHamel/weatheredstrip/"
        >
          GitHub‚Ñ¢
        </a>
         and make a pull request. I'll be more than happy to review it and include it in the code.
      </p>
    </div>
  </div>
  <div
    class="footer"
  >
    <div
      class="footer-content"
    >
      <div
        class="footer-item"
      >
        Data from 
        <a
          href="https://flightplanning.navcanada.ca"
        >
          NAV CANADA
        </a>
        ‚Ñ†, 
        <a
          href="https://www.aviationweather.gov"
        >
          AWC
        </a>
        ‚Ñ† and 
        <a
          href="https://notams.aim.faa.gov"
        >
          FAA
        </a>
        ‚Ñ†
      </div>
      <div
        class="footer-item"
      >
        <div>
          <a
            href="https://github.com/GregoryHamel/weatheredstrip/issues"
          >
            Report an Issue
          </a>
        </div>
        <div>
          ¬© 
          <a
            href="http://www.greghamel.com"
          >
            Greg Hamel - 
            2019
          </a>
        </div>
      </div>
      <div
        class="footer-item"
      >
        Made in 
        <span
          aria-label="Canada"
          role="img"
        >
          üçÅ
        </span>
         with 
        <span
          aria-label="love"
          role="img"
        >
          ‚ù§Ô∏è
        </span>
      </div>
    </div>
  </div>
</div>
`;
