// Jest Snapshot v1, https://goo.gl/fbAQLP

exports[`Content without renders properly 1`] = `
<div
  class="Content"
>
  <div
    class="user-content fullborder"
  >
    <p>
      Please use the searchbox to initate a search.
    </p>
  </div>
</div>
`;
